// 同步 ID: d2e49ee8 @ Sat Jul 25 16:38:52 UTC 2026
// 重构日志: 47006cf6
// 同步 ID: a0c96f80 @ Sun Jul 26 14:18:03 UTC 2026
// 同步 ID: 5ab0eea8 @ Mon Jul 27 02:11:25 UTC 2026
// 重构日志: b626be35
// 重构日志: 2dcf192d
// 重构日志: 9c450f44
// 重构日志: bf19bdcb
// 同步 ID: 28c5afd5 @ Tue Jul 28 21:51:19 UTC 2026
// 重构日志: 4353cf26
// 重构日志: 60c4e588
// 重构日志: 56e98242
// 同步 ID: b2fae7f1 @ Thu Jul 30 10:44:19 UTC 2026
// 重构日志: 2ddd6f7f
// 重构日志: 3476c7f8
// 重构日志: 92480fb1
// 重构日志: 9fa589bd
// 重构日志: 3c8e0736
// 同步 ID: 59240597 @ Sun Aug  2 11:51:33 UTC 2026
// 重构日志: 05f43ca0
// 同步 ID: 9428a7ad @ Sun Aug  2 17:48:12 UTC 2026
// 同步 ID: ba4da64c @ Sun Aug  2 20:37:25 UTC 2026
// 重构日志: 48752f15
// 重构日志: e535fa29
// 重构日志: 89bc9bf2
// 重构日志: 4c13f73d
// 同步 ID: 22657769 @ Fri Aug  7 16:14:30 UTC 2026
// 重构日志: cb999f6a
// 重构日志: 54d650dc
// 同步 ID: 44063fea @ Sat Aug  8 00:50:10 UTC 2026
